<html>
<body>
<pre>
<h1>µVision Build Log</h1>
<h2>Tool Versions:</h2>
IDE-Version: ¦ÌVision V5.24.2.0
Copyright (C) 2017 ARM Ltd and ARM Germany GmbH. All rights reserved.
License Information: A AA, A, LIC=----
 
Tool Versions:
Toolchain:       MDK-Lite  Version: 5.24.1
Toolchain Path:  D:\Keil5\ARM\ARMCC\Bin
C Compiler:      Armcc.exe V5.06 update 5 (build 528)
Assembler:       Armasm.exe V5.06 update 5 (build 528)
Linker/Locator:  ArmLink.exe V5.06 update 5 (build 528)
Library Manager: ArmAr.exe V5.06 update 5 (build 528)
Hex Converter:   FromElf.exe V5.06 update 5 (build 528)
CPU DLL:         SARMCM3.DLL V5.24.1
Dialog DLL:      DCM.DLL V1.16.0.0
Target DLL:      CMSIS_AGDI.dll V1.28.3.0
Dialog DLL:      TCM.DLL V1.32.0.0
 
<h2>Project:</h2>
C:\Users\DKH\Desktop\12\G14363738\MDK-ARM\G14363738.uvprojx
Project File Date:  04/07/2023

<h2>Output:</h2>
*** Using Compiler 'V5.06 update 5 (build 528)', folder: 'D:\Keil5\ARM\ARMCC\Bin'
Build target 'G14363738'
compiling main.c...
../Core/Src/main.c(257): warning:  #167-D: argument of type "unsigned char *" is incompatible with parameter of type "const char *"
  		if((strncmp(ParkType[i], fParkType, 4) == 0) && (strncmp(ParkCode[i], fParkCode, 4) == 0))
../Core/Src/main.c(257): warning:  #167-D: argument of type "unsigned char *" is incompatible with parameter of type "const char *"
  		if((strncmp(ParkType[i], fParkType, 4) == 0) && (strncmp(ParkCode[i], fParkCode, 4) == 0))
../Core/Src/main.c(257): warning:  #167-D: argument of type "unsigned char *" is incompatible with parameter of type "const char *"
  		if((strncmp(ParkType[i], fParkType, 4) == 0) && (strncmp(ParkCode[i], fParkCode, 4) == 0))
../Core/Src/main.c(257): warning:  #167-D: argument of type "unsigned char *" is incompatible with parameter of type "const char *"
  		if((strncmp(ParkType[i], fParkType, 4) == 0) && (strncmp(ParkCode[i], fParkCode, 4) == 0))
../Core/Src/main.c(292): warning:  #167-D: argument of type "unsigned char *" is incompatible with parameter of type "const char *"
  				if(strncmp("CNBR", RxParkType,4) == 0)
../Core/Src/main.c(297): warning:  #167-D: argument of type "unsigned char *" is incompatible with parameter of type "const char *"
  				if(strncmp("VNBR", RxParkType,4) == 0)
../Core/Src/main.c(302): warning:  #167-D: argument of type "unsigned char *" is incompatible with parameter of type "char *restrict"
  				strcpy(ParkType[EmptyIndex],RxParkType);
../Core/Src/main.c(302): warning:  #167-D: argument of type "unsigned char *" is incompatible with parameter of type "const char *restrict"
  				strcpy(ParkType[EmptyIndex],RxParkType);
../Core/Src/main.c(303): warning:  #167-D: argument of type "unsigned char *" is incompatible with parameter of type "char *restrict"
  				strcpy(ParkCode[EmptyIndex], RxParkCode);
../Core/Src/main.c(303): warning:  #167-D: argument of type "unsigned char *" is incompatible with parameter of type "const char *restrict"
  				strcpy(ParkCode[EmptyIndex], RxParkCode);
../Core/Src/main.c(304): warning:  #167-D: argument of type "unsigned char *" is incompatible with parameter of type "char *restrict"
  				strcpy(ParkTime[EmptyIndex], RxParkTime);
../Core/Src/main.c(304): warning:  #167-D: argument of type "unsigned char *" is incompatible with parameter of type "const char *restrict"
  				strcpy(ParkTime[EmptyIndex], RxParkTime);
../Core/Src/main.c(323): warning:  #167-D: argument of type "unsigned char *" is incompatible with parameter of type "const char *"
  			if(strncmp("CNBR", RxParkType, 4) == 0)
../Core/Src/main.c(332): warning:  #167-D: argument of type "unsigned char *" is incompatible with parameter of type "const char *"
  			if(strncmp("VNBR", RxParkType, 4) == 0)
../Core/Src/main.c(341): warning:  #167-D: argument of type "unsigned char *" is incompatible with parameter of type "char *restrict"
  			strcpy(ParkType[ParkedIndex], "0");
../Core/Src/main.c(342): warning:  #167-D: argument of type "unsigned char *" is incompatible with parameter of type "char *restrict"
  			strcpy(ParkCode[ParkedIndex], "0");
../Core/Src/main.c(343): warning:  #167-D: argument of type "unsigned char *" is incompatible with parameter of type "char *restrict"
  			strcpy(ParkTime[ParkedIndex], "0");
../Core/Src/main.c: 17 warnings, 0 errors
linking...
Program Size: Code=23092 RO-data=5596 RW-data=60 ZI-data=2196  
FromELF: creating hex file...
"G14363738\G14363738.axf" - 0 Error(s), 17 Warning(s).

<h2>Software Packages used:</h2>

Package Vendor: ARM
                http://www.keil.com/pack/ARM.CMSIS.5.0.1.pack
                ARM.CMSIS.5.0.1
                CMSIS (Cortex Microcontroller Software Interface Standard)
   * Component: CORE Version: 5.0.1

Package Vendor: Keil
                http://www.keil.com/pack/Keil.STM32G4xx_DFP.1.4.0.pack
                Keil.STM32G4xx_DFP.1.4.0
                STMicroelectronics STM32G4 Series Device Support, Drivers and Examples

<h2>Collection of Component include folders:</h2>
  .\RTE\_G14363738
  D:\Keil5\ARM\PACK\ARM\CMSIS\5.0.1\CMSIS\Include
  D:\Keil5\ARM\PACK\Keil\STM32G4xx_DFP\1.4.0\Drivers\CMSIS\Device\ST\STM32G4xx\Include

<h2>Collection of Component Files used:</h2>

   * Component: ARM::CMSIS:CORE:5.0.1
Build Time Elapsed:  00:00:08
</pre>
</body>
</html>
